// Jest Snapshot v1, https://goo.gl/fbAQLP

exports[`renders correctly 1`] = `
<Fragment>
  <styled.div>
    <styled.div>
      No Bars To Show
    </styled.div>
  </styled.div>
</Fragment>
`;
