// Jest Snapshot v1, https://goo.gl/fbAQLP

exports[`renders correctly 1`] = `
<EquipmentCard
  imageSwitch={false}
  roadster={Array []}
  rockets={Array []}
  switchImage={[Function]}
/>
`;
