// Jest Snapshot v1, https://goo.gl/fbAQLP

exports[`renders correctly 1`] = `
<HistoryCard
  handleClick={[Function]}
  history={Array []}
  imageSwitch={false}
  switchImage={[Function]}
  value={0}
/>
`;
